// Jest Snapshot v1, https://goo.gl/fbAQLP

exports[`Component Mounted renders the component 1`] = `
<div
  class="mb-3 container"
>
  <div
    class="row"
  >
    <hr />
  </div>
  <div
    class="row"
  >
    <div>
      <h3>
        <a
          class="repo-link"
          href="https://github.com/Jorge/aleworld-status"
          rel="noopener noreferrer"
          target="_blank"
        >
          aleworld-status
        </a>
        <span
          class="repo-label mb-1"
        >
          public
        </span>
      </h3>
    </div>
  </div>
  <div
    class="row"
  >
    <p
      class="repo-description"
    >
      ðŸ“ˆ Uptime monitor and status page for Ale Ornelas Figueroa, powered by @upptime
    </p>
  </div>
  <div
    class="row"
  >
    <div
      class="my-1 d-inline-flex"
    >
      <a
        class="repo-topic"
        href="https://github.com/topics/status-page"
        rel="noopener noreferrer"
        target="_blank"
      >
        status-page
      </a>
      <a
        class="repo-topic"
        href="https://github.com/topics/upptime"
        rel="noopener noreferrer"
        target="_blank"
      >
        upptime
      </a>
      <a
        class="repo-topic"
        href="https://github.com/topics/uptime-monitor"
        rel="noopener noreferrer"
        target="_blank"
      >
        uptime-monitor
      </a>
    </div>
  </div>
  <div
    class="row"
  >
    <div
      class="repo-info"
    >
      <div
        class="repo-info_item"
      >
        <span>
          <svg
            aria-hidden="true"
            class="octicon octicon-law mr-1"
            data-view-component="true"
            height="16"
            version="1.1"
            viewBox="0 0 16 16"
            width="16"
          >
            <path
              d="M8.75.75a.75.75 0 00-1.5 0V2h-.984c-.305 0-.604.08-.869.23l-1.288.737A.25.25 0 013.984 3H1.75a.75.75 0 000 1.5h.428L.066 9.192a.75.75 0 00.154.838l.53-.53-.53.53v.001l.002.002.002.002.006.006.016.015.045.04a3.514 3.514 0 00.686.45A4.492 4.492 0 003 11c.88 0 1.556-.22 2.023-.454a3.515 3.515 0 00.686-.45l.045-.04.016-.015.006-.006.002-.002.001-.002L5.25 9.5l.53.53a.75.75 0 00.154-.838L3.822 4.5h.162c.305 0 .604-.08.869-.23l1.289-.737a.25.25 0 01.124-.033h.984V13h-2.5a.75.75 0 000 1.5h6.5a.75.75 0 000-1.5h-2.5V3.5h.984a.25.25 0 01.124.033l1.29.736c.264.152.563.231.868.231h.162l-2.112 4.692a.75.75 0 00.154.838l.53-.53-.53.53v.001l.002.002.002.002.006.006.016.015.045.04a3.517 3.517 0 00.686.45A4.492 4.492 0 0013 11c.88 0 1.556-.22 2.023-.454a3.512 3.512 0 00.686-.45l.045-.04.01-.01.006-.005.006-.006.002-.002.001-.002-.529-.531.53.53a.75.75 0 00.154-.838L13.823 4.5h.427a.75.75 0 000-1.5h-2.234a.25.25 0 01-.124-.033l-1.29-.736A1.75 1.75 0 009.735 2H8.75V.75zM1.695 9.227c.285.135.718.273 1.305.273s1.02-.138 1.305-.273L3 6.327l-1.305 2.9zm10 0c.285.135.718.273 1.305.273s1.02-.138 1.305-.273L13 6.327l-1.305 2.9z"
              fill-rule="evenodd"
            />
          </svg>
           
          MIT License
        </span>
      </div>
      <div>
        Updated on 24 May 2022 
      </div>
    </div>
  </div>
  <div
    class="row"
  />
</div>
`;
