// Jest Snapshot v1, https://goo.gl/fbAQLP

exports[`Footer Snapshot Comprobate UI from the component Footer 1`] = `
<div
  className="Footer--container"
>
  <div
    className="Footer__info"
  >
    <p>
      Terms
    </p>
    <p>
      Privacy
    </p>
    <p>
      Security
    </p>
    <p>
      Status
    </p>
    <p>
      Docs
    </p>
    <p>
      Contact
    </p>
    <p>
      Pricing
    </p>
    <p>
      API
    </p>
    <p>
      Training
    </p>
    <p>
      Blog
    </p>
    <p>
      About
    </p>
  </div>
  <div
    className="Footer__logo"
  >
    <img
      alt="GitHub Logo"
      src="https://cdn-icons-png.flaticon.com/512/25/25231.png"
    />
    <span>
      Â© 2021 GitHub, Inc.
    </span>
  </div>
</div>
`;
